[1mpassword?[0m XXXXXXX[7m [0m [32m[1mâœ”[0m[0m