[1mquestion?[0m some text[7m [0m [32m[1mâœ”[0m[0m