[1mText:[0m some tex[7mt[0m [32m[1mâœ”[0m[0m