[1mText:[0m [7me[0mnter some text [31m[1mâœ˜[0m[0m