[1mfoo:[0m
Filter: CC[7m [0m                                                                              
    CCC1
  [1mâ–¸ CCC2
[0m