[1mfoo:[0m
Filter: [7mT[0mype to filter choices
  [1mâ–¸ [0m[38;5;32;1mFirst1[0m
â‡£   First2
