[1mfoo:[0m
Filter: [7mT[0mype to filter choices
â‡¡   First2
â‡£ [1mâ–¸ Second1
[0m