[1mfoo:[0m
Filter: [7mT[0mype to filter choices
â‡¡   Second1
  [1mâ–¸ Second2
[0m