[1mfoo:[0m
Filter: [7mT[0mype to filter choices
    a
  [1mâ–¸ [0m[38;5;32;1mb[0m
    c
